// Jest Snapshot v1, https://goo.gl/fbAQLP

exports[`integration should compile basic 1`] = `
"\\"use strict\\";

Object.defineProperty(exports, \\"__esModule\\", {
  value: true
});
exports.HelloWorld = exports.Hello = void 0;

var _createElement = _interopRequireDefault(require(\\"babel-plugin-rawact/lib/runtime/createElement\\"));

var _renderInternal = _interopRequireDefault(require(\\"babel-plugin-rawact/lib/runtime/renderInternal\\"));

var _unmountInternal = _interopRequireDefault(require(\\"babel-plugin-rawact/lib/runtime/unmountInternal\\"));

var _renderChildren = _interopRequireDefault(require(\\"babel-plugin-rawact/lib/runtime/renderChildren\\"));

var _hooks = _interopRequireDefault(require(\\"babel-plugin-rawact/lib/runtime/hooks\\"));

var React = _interopRequireWildcard(require(\\"babel-plugin-rawact/lib/runtime/react\\"));

function _interopRequireWildcard(obj) { if (obj && obj.__esModule) { return obj; } else { var newObj = {}; if (obj != null) { for (var key in obj) { if (Object.prototype.hasOwnProperty.call(obj, key)) { var desc = Object.defineProperty && Object.getOwnPropertyDescriptor ? Object.getOwnPropertyDescriptor(obj, key) : {}; if (desc.get || desc.set) { Object.defineProperty(newObj, key, desc); } else { newObj[key] = obj[key]; } } } } newObj.default = obj; return newObj; } }

function _interopRequireDefault(obj) { return obj && obj.__esModule ? obj : { default: obj }; }

var _instructions = {};
var _instructions2 = {};

var Hello = function Hello(_ref) {
  var name = _ref.name;
  const _child = name;
  return _context => {
    if (_context._ !== _instructions) {
      if (_context.$) _context.$();

      _context.$ = () => {
        (0, _unmountInternal.default)(_context.b_);
      };

      _context._ = _instructions;
      _context.a = (0, _createElement.default)(\\"p\\");
      (0, _renderInternal.default)(_context, _child, \\"b\\", 1);
      (0, _renderChildren.default)(_context.a, [\\"Hello \\", _context[\\"b\\"], \\"!\\"]);
    } else {
      (0, _renderInternal.default)(_context, _child, \\"b\\", 0);
    }

    return _context.a;
  };
};

exports.Hello = Hello;

var HelloWorld = function HelloWorld() {
  const _child2 = (0, _hooks.default)(Hello, {
    name: \\"World\\"
  });

  return _context2 => {
    if (_context2._ !== _instructions2) {
      if (_context2.$) _context2.$();

      _context2.$ = () => {
        (0, _unmountInternal.default)(_context2.b_);
      };

      _context2._ = _instructions2;
      _context2.a = (0, _createElement.default)(\\"div\\");
      _context2.a.title = \\"hello\\";
      (0, _renderInternal.default)(_context2, _child2, \\"b\\", 1);
      (0, _renderChildren.default)(_context2.a, [_context2[\\"b\\"], \\"!\\", '!']);
    } else {
      (0, _renderInternal.default)(_context2, _child2, \\"b\\", 0);
    }

    return _context2.a;
  };
};

exports.HelloWorld = HelloWorld;"
`;
