// Jest Snapshot v1, https://goo.gl/fbAQLP

exports[`state renders correctly each time state changes 1`] = `
<div>
  <p>
    Hello 
    world
    ! Called x
    1
  </p>
</div>
`;

exports[`state renders correctly each time state changes 2`] = `
<div>
  <p>
    Hello 
    world
    ! Called x
    2
  </p>
</div>
`;

exports[`state renders correctly each time state changes 3`] = `
<div>
  <p>
    Hello 
    world
    ! Called x
    3
  </p>
</div>
`;
